[2025-04-11 16:05:01,156: INFO: main: This is a kidney classification]
[2025-04-11 16:21:01,746: INFO: main: This is a classification task]
[2025-04-12 15:41:13,465: INFO: common: yaml file: config\config.yaml loaded successfully]
[2025-04-12 15:41:13,467: INFO: common: yaml file: params.yaml loaded successfully]
[2025-04-12 15:41:13,470: INFO: common: created directory at: artifacts]
[2025-04-12 15:41:13,472: INFO: common: created directory at: artifacts/data_ingestion]
[2025-04-12 15:41:13,473: INFO: 2943163995: Downloading data from https://drive.google.com/file/d/16Dx0mwyILj0pcASM5eNdbzvNiuQgtQMP/view?usp=drive_link into file artifacts/data_ingestion/data.zip]
[2025-04-12 15:43:50,076: INFO: 2943163995: Downloading data from https://drive.google.com/file/d/16Dx0mwyILj0pcASM5eNdbzvNiuQgtQMP/view?usp=drive_link into file artifacts/data_ingestion/data.zip]
[2025-04-12 17:22:05,196: INFO: main: >>>>>> stage Data Ingestion Stage started <<<<<<]
[2025-04-12 17:22:05,202: INFO: common: yaml file: config\config.yaml loaded successfully]
[2025-04-12 17:22:05,202: INFO: common: yaml file: params.yaml loaded successfully]
[2025-04-12 17:22:05,202: INFO: common: created directory at: artifacts]
[2025-04-12 17:22:05,202: INFO: common: created directory at: artifacts/data_ingestion]
[2025-04-12 17:22:05,202: INFO: data_ingestion: Downloading data from https://drive.google.com/file/d/16Dx0mwyILj0pcASM5eNdbzvNiuQgtQMP/view?usp=drive_link into file artifacts/data_ingestion/data.zip]
[2025-04-12 17:23:38,240: INFO: data_ingestion: Downloading data from https://drive.google.com/file/d/16Dx0mwyILj0pcASM5eNdbzvNiuQgtQMP/view?usp=drive_link into file artifacts/data_ingestion/data.zip]
[2025-04-12 17:23:54,200: INFO: main: >>>>>> stage Data Ingestion Stage completed <<<<<<

x========x]
[2025-04-13 15:27:18,269: INFO: common: yaml file: config\config.yaml loaded successfully]
[2025-04-13 15:27:18,277: INFO: common: yaml file: params.yaml loaded successfully]
[2025-04-13 15:27:18,277: INFO: common: created directory at: artifacts]
[2025-04-13 15:27:18,285: INFO: common: created directory at: artifacts/data_ingestion]
[2025-04-13 15:27:18,286: INFO: 1239458192: Downloading data from https://drive.google.com/file/d/16Dx0mwyILj0pcASM5eNdbzvNiuQgtQMP/view?usp=drive_link into file artifacts/data_ingestion/data.zip]
[2025-04-13 15:29:41,350: INFO: 1239458192: Downloading data from https://drive.google.com/file/d/16Dx0mwyILj0pcASM5eNdbzvNiuQgtQMP/view?usp=drive_link into file artifacts/data_ingestion/data.zip]
[2025-04-13 15:59:50,050: INFO: common: yaml file: config\config.yaml loaded successfully]
[2025-04-13 15:59:50,070: INFO: common: yaml file: params.yaml loaded successfully]
[2025-04-13 15:59:50,070: INFO: common: created directory at: artifacts]
[2025-04-13 15:59:50,080: INFO: common: created directory at: artifacts/prepare_base_model]
[2025-04-13 15:59:50,930: WARNING: saving_utils: Compiled the loaded model, but the compiled metrics have yet to be built. `model.compile_metrics` will be empty until you train or evaluate the model.]
[2025-04-14 19:08:46,907: INFO: main: >>>>>> stage Data Ingestion Stage started <<<<<<]
[2025-04-14 19:08:46,924: INFO: common: yaml file: config\config.yaml loaded successfully]
[2025-04-14 19:08:46,946: INFO: common: yaml file: params.yaml loaded successfully]
[2025-04-14 19:08:46,948: INFO: common: created directory at: artifacts]
[2025-04-14 19:08:46,948: INFO: common: created directory at: artifacts/data_ingestion]
[2025-04-14 19:08:46,949: INFO: data_ingestion: Downloading data from https://drive.google.com/file/d/16Dx0mwyILj0pcASM5eNdbzvNiuQgtQMP/view?usp=drive_link into file artifacts/data_ingestion/data.zip]
[2025-04-14 19:10:37,675: INFO: data_ingestion: Downloading data from https://drive.google.com/file/d/16Dx0mwyILj0pcASM5eNdbzvNiuQgtQMP/view?usp=drive_link into file artifacts/data_ingestion/data.zip]
[2025-04-14 19:10:50,117: INFO: main: >>>>>> stage Data Ingestion Stage completed <<<<<<

x========x]
[2025-04-14 19:10:50,117: INFO: main: >>>>>> stage Prepare Base Model started <<<<<<]
[2025-04-14 19:10:50,133: INFO: common: yaml file: config\config.yaml loaded successfully]
[2025-04-14 19:10:50,133: INFO: common: yaml file: params.yaml loaded successfully]
[2025-04-14 19:10:50,133: INFO: common: created directory at: artifacts]
[2025-04-14 19:10:50,133: INFO: common: created directory at: artifacts/prepare_base_model]
[2025-04-14 19:10:50,796: WARNING: saving_utils: Compiled the loaded model, but the compiled metrics have yet to be built. `model.compile_metrics` will be empty until you train or evaluate the model.]
[2025-04-14 19:10:51,009: INFO: main: >>>>>> stage Prepare Base Model completed <<<<<<

x========x]
[2025-04-15 10:52:59,782: INFO: common: yaml file: config\config.yaml loaded successfully]
[2025-04-15 10:52:59,794: INFO: common: yaml file: params.yaml loaded successfully]
[2025-04-15 10:52:59,794: INFO: common: created directory at: artifacts]
[2025-04-15 10:52:59,799: INFO: common: created directory at: artifacts\training]
[2025-04-15 10:55:15,667: INFO: common: yaml file: config\config.yaml loaded successfully]
[2025-04-15 10:55:15,675: INFO: common: yaml file: params.yaml loaded successfully]
[2025-04-15 10:55:15,675: INFO: common: created directory at: artifacts]
[2025-04-15 10:55:15,675: INFO: common: created directory at: artifacts\training]
[2025-04-15 11:15:05,397: INFO: common: yaml file: config\config.yaml loaded successfully]
[2025-04-15 11:15:05,401: INFO: common: yaml file: params.yaml loaded successfully]
[2025-04-15 11:15:05,403: INFO: common: created directory at: artifacts]
[2025-04-15 11:15:05,404: INFO: common: created directory at: artifacts\training]
[2025-04-15 14:25:59,853: INFO: main: >>>>>> stage Data Ingestion Stage started <<<<<<]
[2025-04-15 14:25:59,870: INFO: common: yaml file: config\config.yaml loaded successfully]
[2025-04-15 14:25:59,876: INFO: common: yaml file: params.yaml loaded successfully]
[2025-04-15 14:25:59,878: INFO: common: created directory at: artifacts]
[2025-04-15 14:25:59,879: INFO: common: created directory at: artifacts/data_ingestion]
[2025-04-15 14:25:59,879: INFO: data_ingestion: Downloading data from https://drive.google.com/file/d/16Dx0mwyILj0pcASM5eNdbzvNiuQgtQMP/view?usp=drive_link into file artifacts/data_ingestion/data.zip]
[2025-04-15 14:27:28,695: INFO: data_ingestion: Downloading data from https://drive.google.com/file/d/16Dx0mwyILj0pcASM5eNdbzvNiuQgtQMP/view?usp=drive_link into file artifacts/data_ingestion/data.zip]
[2025-04-15 14:27:42,759: INFO: main: >>>>>> stage Data Ingestion Stage completed <<<<<<

x========x]
[2025-04-15 14:27:42,759: INFO: main: >>>>>> stage Prepare Base Model started <<<<<<]
[2025-04-15 14:27:42,759: INFO: common: yaml file: config\config.yaml loaded successfully]
[2025-04-15 14:27:42,775: INFO: common: yaml file: params.yaml loaded successfully]
[2025-04-15 14:27:42,775: INFO: common: created directory at: artifacts]
[2025-04-15 14:27:42,775: INFO: common: created directory at: artifacts/prepare_base_model]
[2025-04-15 14:27:43,621: WARNING: saving_utils: Compiled the loaded model, but the compiled metrics have yet to be built. `model.compile_metrics` will be empty until you train or evaluate the model.]
[2025-04-15 14:27:43,824: INFO: main: >>>>>> stage Prepare Base Model completed <<<<<<

x========x]
[2025-04-15 14:27:43,824: INFO: main: >>>>>> stage Training started <<<<<<]
[2025-04-15 14:27:43,824: INFO: common: yaml file: config\config.yaml loaded successfully]
[2025-04-15 14:27:43,824: INFO: common: yaml file: params.yaml loaded successfully]
[2025-04-15 14:27:43,824: INFO: common: created directory at: artifacts]
[2025-04-15 14:27:43,824: INFO: common: created directory at: artifacts/prepare_base_model]
[2025-04-15 14:27:44,161: WARNING: saving_utils: Compiled the loaded model, but the compiled metrics have yet to be built. `model.compile_metrics` will be empty until you train or evaluate the model.]
[2025-04-15 14:27:44,376: INFO: main: >>>>>> stage Training completed <<<<<<

x========x]
[2025-04-15 14:30:31,237: INFO: main: >>>>>> stage Data Ingestion Stage started <<<<<<]
[2025-04-15 14:30:31,237: INFO: common: yaml file: config\config.yaml loaded successfully]
[2025-04-15 14:30:31,254: INFO: common: yaml file: params.yaml loaded successfully]
[2025-04-15 14:30:31,254: INFO: common: created directory at: artifacts]
[2025-04-15 14:30:31,254: INFO: common: created directory at: artifacts/data_ingestion]
[2025-04-15 14:30:31,254: INFO: data_ingestion: Downloading data from https://drive.google.com/file/d/16Dx0mwyILj0pcASM5eNdbzvNiuQgtQMP/view?usp=drive_link into file artifacts/data_ingestion/data.zip]
[2025-04-15 14:34:02,804: INFO: main: >>>>>> stage Data Ingestion Stage started <<<<<<]
[2025-04-15 14:34:02,804: INFO: common: yaml file: config\config.yaml loaded successfully]
[2025-04-15 14:34:02,804: INFO: common: yaml file: params.yaml loaded successfully]
[2025-04-15 14:34:02,804: INFO: common: created directory at: artifacts]
[2025-04-15 14:34:02,817: INFO: common: created directory at: artifacts/data_ingestion]
[2025-04-15 14:34:02,817: INFO: data_ingestion: Downloading data from https://drive.google.com/file/d/16Dx0mwyILj0pcASM5eNdbzvNiuQgtQMP/view?usp=drive_link into file artifacts/data_ingestion/data.zip]
[2025-04-15 14:35:32,067: INFO: data_ingestion: Downloading data from https://drive.google.com/file/d/16Dx0mwyILj0pcASM5eNdbzvNiuQgtQMP/view?usp=drive_link into file artifacts/data_ingestion/data.zip]
[2025-04-15 14:35:43,986: INFO: main: >>>>>> stage Data Ingestion Stage completed <<<<<<

x========x]
[2025-04-15 14:35:43,986: INFO: main: >>>>>> stage Prepare Base Model started <<<<<<]
[2025-04-15 14:35:43,986: INFO: common: yaml file: config\config.yaml loaded successfully]
[2025-04-15 14:35:44,001: INFO: common: yaml file: params.yaml loaded successfully]
[2025-04-15 14:35:44,001: INFO: common: created directory at: artifacts]
[2025-04-15 14:35:44,001: INFO: common: created directory at: artifacts/prepare_base_model]
[2025-04-15 14:35:44,642: WARNING: saving_utils: Compiled the loaded model, but the compiled metrics have yet to be built. `model.compile_metrics` will be empty until you train or evaluate the model.]
[2025-04-15 14:35:44,856: INFO: main: >>>>>> stage Prepare Base Model completed <<<<<<

x========x]
[2025-04-15 14:35:44,872: INFO: main: >>>>>> stage Training started <<<<<<]
[2025-04-15 14:35:44,872: INFO: common: yaml file: config\config.yaml loaded successfully]
[2025-04-15 14:35:44,872: INFO: common: yaml file: params.yaml loaded successfully]
[2025-04-15 14:35:44,872: INFO: common: created directory at: artifacts]
[2025-04-15 14:35:44,872: INFO: common: created directory at: artifacts\training]
[2025-04-15 14:52:36,924: INFO: main: >>>>>> stage Training completed <<<<<<

x========x]
[2025-04-16 10:57:34,149: INFO: common: yaml file: config\config.yaml loaded successfully]
[2025-04-16 10:57:34,157: INFO: common: yaml file: params.yaml loaded successfully]
[2025-04-16 10:57:34,165: INFO: common: created directory at: artifacts]
[2025-04-16 10:58:22,669: INFO: common: yaml file: config\config.yaml loaded successfully]
[2025-04-16 10:58:22,674: INFO: common: yaml file: params.yaml loaded successfully]
[2025-04-16 10:58:22,674: INFO: common: created directory at: artifacts]
[2025-04-16 10:59:54,208: INFO: common: yaml file: config\config.yaml loaded successfully]
[2025-04-16 10:59:54,208: INFO: common: yaml file: params.yaml loaded successfully]
[2025-04-16 10:59:54,208: INFO: common: created directory at: artifacts]
[2025-04-16 11:01:08,842: INFO: common: yaml file: config\config.yaml loaded successfully]
[2025-04-16 11:01:08,842: INFO: common: yaml file: params.yaml loaded successfully]
[2025-04-16 11:01:08,842: INFO: common: created directory at: artifacts]
[2025-04-16 11:07:33,491: INFO: common: json file saved at: scores.json]
[2025-04-16 11:07:37,289: WARNING: save: Found untraced functions such as _jit_compiled_convolution_op, _jit_compiled_convolution_op, _jit_compiled_convolution_op, _jit_compiled_convolution_op, _jit_compiled_convolution_op while saving (showing 5 of 14). These functions will not be directly callable after loading.]
[2025-04-16 11:07:38,294: INFO: builder_impl: Assets written to: C:\Users\WELCOME\AppData\Local\Temp\tmp49hu7h_9\model\data\model\assets]
[2025-04-16 11:55:41,396: INFO: main: >>>>>> stage Data Ingestion Stage started <<<<<<]
[2025-04-16 11:55:41,398: INFO: common: yaml file: config\config.yaml loaded successfully]
[2025-04-16 11:55:41,400: INFO: common: yaml file: params.yaml loaded successfully]
[2025-04-16 11:55:41,401: INFO: common: created directory at: artifacts]
[2025-04-16 11:55:41,401: INFO: common: created directory at: artifacts/data_ingestion]
[2025-04-16 11:55:41,402: INFO: data_ingestion: Downloading data from https://drive.google.com/file/d/16Dx0mwyILj0pcASM5eNdbzvNiuQgtQMP/view?usp=drive_link into file artifacts/data_ingestion/data.zip]
[2025-04-16 11:57:12,900: INFO: data_ingestion: Downloading data from https://drive.google.com/file/d/16Dx0mwyILj0pcASM5eNdbzvNiuQgtQMP/view?usp=drive_link into file artifacts/data_ingestion/data.zip]
[2025-04-16 11:57:28,527: INFO: main: >>>>>> stage Data Ingestion Stage completed <<<<<<

x========x]
[2025-04-16 11:57:28,527: INFO: main: >>>>>> stage Prepare Base Model started <<<<<<]
[2025-04-16 11:57:28,527: INFO: common: yaml file: config\config.yaml loaded successfully]
[2025-04-16 11:57:28,543: INFO: common: yaml file: params.yaml loaded successfully]
[2025-04-16 11:57:28,543: INFO: common: created directory at: artifacts]
[2025-04-16 11:57:28,543: INFO: common: created directory at: artifacts/prepare_base_model]
[2025-04-16 11:57:29,136: WARNING: saving_utils: Compiled the loaded model, but the compiled metrics have yet to be built. `model.compile_metrics` will be empty until you train or evaluate the model.]
[2025-04-16 11:57:29,435: INFO: main: >>>>>> stage Prepare Base Model completed <<<<<<

x========x]
[2025-04-16 11:57:29,435: INFO: main: >>>>>> stage Training started <<<<<<]
[2025-04-16 11:57:29,451: INFO: common: yaml file: config\config.yaml loaded successfully]
[2025-04-16 11:57:29,451: INFO: common: yaml file: params.yaml loaded successfully]
[2025-04-16 11:57:29,451: INFO: common: created directory at: artifacts]
[2025-04-16 11:57:29,451: INFO: common: created directory at: artifacts\training]
[2025-04-16 12:14:22,143: INFO: main: >>>>>> stage Training completed <<<<<<

x========x]
[2025-04-16 12:14:22,143: INFO: main: >>>>>> stage Evaluation Stage started <<<<<<]
[2025-04-16 12:14:22,143: INFO: common: yaml file: config\config.yaml loaded successfully]
[2025-04-16 12:14:22,143: INFO: common: yaml file: params.yaml loaded successfully]
[2025-04-16 12:14:22,159: INFO: common: created directory at: artifacts]
[2025-04-16 12:19:21,223: INFO: common: json file saved at: scores.json]
[2025-04-16 12:19:22,562: WARNING: save: Found untraced functions such as _jit_compiled_convolution_op, _jit_compiled_convolution_op, _jit_compiled_convolution_op, _jit_compiled_convolution_op, _jit_compiled_convolution_op while saving (showing 5 of 14). These functions will not be directly callable after loading.]
[2025-04-16 12:19:23,197: INFO: builder_impl: Assets written to: C:\Users\WELCOME\AppData\Local\Temp\tmp3l3yignx\model\data\model\assets]
[2025-04-16 12:19:34,068: INFO: main: >>>>>> stage Evaluation Stage completed <<<<<<

x========x]
[2025-04-16 12:26:13,141: INFO: main: >>>>>> stage Data Ingestion Stage started <<<<<<]
[2025-04-16 12:26:13,141: INFO: common: yaml file: config\config.yaml loaded successfully]
[2025-04-16 12:26:13,157: INFO: common: yaml file: params.yaml loaded successfully]
[2025-04-16 12:26:13,157: INFO: common: created directory at: artifacts]
[2025-04-16 12:26:13,157: INFO: common: created directory at: artifacts/data_ingestion]
[2025-04-16 12:26:13,157: INFO: data_ingestion: Downloading data from https://drive.google.com/file/d/16Dx0mwyILj0pcASM5eNdbzvNiuQgtQMP/view?usp=drive_link into file artifacts/data_ingestion/data.zip]
[2025-04-16 12:28:19,500: INFO: main: >>>>>> stage Data Ingestion Stage started <<<<<<]
[2025-04-16 12:28:19,500: INFO: common: yaml file: config\config.yaml loaded successfully]
[2025-04-16 12:28:19,500: INFO: common: yaml file: params.yaml loaded successfully]
[2025-04-16 12:28:19,500: INFO: common: created directory at: artifacts]
[2025-04-16 12:28:19,500: INFO: common: created directory at: artifacts/data_ingestion]
[2025-04-16 12:28:19,500: INFO: data_ingestion: Downloading data from https://drive.google.com/file/d/16Dx0mwyILj0pcASM5eNdbzvNiuQgtQMP/view?usp=drive_link into file artifacts/data_ingestion/data.zip]
[2025-04-16 12:29:47,713: INFO: data_ingestion: Downloading data from https://drive.google.com/file/d/16Dx0mwyILj0pcASM5eNdbzvNiuQgtQMP/view?usp=drive_link into file artifacts/data_ingestion/data.zip]
[2025-04-16 12:30:06,174: INFO: main: >>>>>> stage Data Ingestion Stage completed <<<<<<

x========x]
[2025-04-16 12:30:06,174: INFO: main: >>>>>> stage Prepare Base Model started <<<<<<]
[2025-04-16 12:30:06,174: INFO: common: yaml file: config\config.yaml loaded successfully]
[2025-04-16 12:30:06,174: INFO: common: yaml file: params.yaml loaded successfully]
[2025-04-16 12:30:06,174: INFO: common: created directory at: artifacts]
[2025-04-16 12:30:06,174: INFO: common: created directory at: artifacts/prepare_base_model]
[2025-04-16 12:30:07,034: WARNING: saving_utils: Compiled the loaded model, but the compiled metrics have yet to be built. `model.compile_metrics` will be empty until you train or evaluate the model.]
[2025-04-16 12:30:07,358: INFO: main: >>>>>> stage Prepare Base Model completed <<<<<<

x========x]
[2025-04-16 12:30:07,358: INFO: main: >>>>>> stage Training started <<<<<<]
[2025-04-16 12:30:07,358: INFO: common: yaml file: config\config.yaml loaded successfully]
[2025-04-16 12:30:07,358: INFO: common: yaml file: params.yaml loaded successfully]
[2025-04-16 12:30:07,358: INFO: common: created directory at: artifacts]
[2025-04-16 12:30:07,358: INFO: common: created directory at: artifacts\training]
[2025-04-16 12:47:50,158: INFO: main: >>>>>> stage Training completed <<<<<<

x========x]
[2025-04-16 12:47:50,158: INFO: main: >>>>>> stage Evaluation Stage started <<<<<<]
[2025-04-16 12:47:50,158: INFO: common: yaml file: config\config.yaml loaded successfully]
[2025-04-16 12:47:50,158: INFO: common: yaml file: params.yaml loaded successfully]
[2025-04-16 12:47:50,158: INFO: common: created directory at: artifacts]
[2025-04-16 12:53:01,966: INFO: common: json file saved at: scores.json]
[2025-04-16 12:53:03,535: WARNING: save: Found untraced functions such as _jit_compiled_convolution_op, _jit_compiled_convolution_op, _jit_compiled_convolution_op, _jit_compiled_convolution_op, _jit_compiled_convolution_op while saving (showing 5 of 14). These functions will not be directly callable after loading.]
[2025-04-16 12:53:04,332: INFO: builder_impl: Assets written to: C:\Users\WELCOME\AppData\Local\Temp\tmp93akvllr\model\data\model\assets]
[2025-04-16 12:53:15,041: INFO: main: >>>>>> stage Evaluation Stage completed <<<<<<

x========x]
[2025-04-16 17:01:05,355: INFO: stage_01_data_ingestion: >>>>>> stage Data Ingestion Stage started <<<<<<]
[2025-04-16 17:01:05,355: INFO: common: yaml file: config\config.yaml loaded successfully]
[2025-04-16 17:01:05,355: INFO: common: yaml file: params.yaml loaded successfully]
[2025-04-16 17:01:05,355: INFO: common: created directory at: artifacts]
[2025-04-16 17:01:05,364: INFO: common: created directory at: artifacts/data_ingestion]
[2025-04-16 17:01:05,364: INFO: data_ingestion: Downloading data from https://drive.google.com/file/d/16Dx0mwyILj0pcASM5eNdbzvNiuQgtQMP/view?usp=drive_link into file artifacts/data_ingestion/data.zip]
[2025-04-16 17:02:37,470: INFO: data_ingestion: Downloading data from https://drive.google.com/file/d/16Dx0mwyILj0pcASM5eNdbzvNiuQgtQMP/view?usp=drive_link into file artifacts/data_ingestion/data.zip]
[2025-04-16 17:03:01,282: INFO: stage_01_data_ingestion: >>>>>> stage Data Ingestion Stage completed <<<<<<

x========x]
[2025-04-16 17:05:21,338: INFO: stage_02_base_model: >>>>>> stage Prepare Base Model started <<<<<<]
[2025-04-16 17:05:21,338: INFO: common: yaml file: config\config.yaml loaded successfully]
[2025-04-16 17:05:21,338: INFO: common: yaml file: params.yaml loaded successfully]
[2025-04-16 17:05:21,338: INFO: common: created directory at: artifacts]
[2025-04-16 17:05:21,338: INFO: common: created directory at: artifacts/prepare_base_model]
[2025-04-16 17:05:21,984: WARNING: saving_utils: Compiled the loaded model, but the compiled metrics have yet to be built. `model.compile_metrics` will be empty until you train or evaluate the model.]
[2025-04-16 17:05:22,182: INFO: stage_02_base_model: >>>>>> stage Prepare Base Model completed <<<<<<

x========x]
[2025-04-16 17:05:28,669: INFO: stage_03_model_training: >>>>>> stage Training started <<<<<<]
[2025-04-16 17:05:28,669: INFO: common: yaml file: config\config.yaml loaded successfully]
[2025-04-16 17:05:28,669: INFO: common: yaml file: params.yaml loaded successfully]
[2025-04-16 17:05:28,669: INFO: common: created directory at: artifacts]
[2025-04-16 17:05:28,669: INFO: common: created directory at: artifacts\training]
[2025-04-16 17:22:23,964: INFO: stage_03_model_training: >>>>>> stage Training completed <<<<<<

x========x]
[2025-04-16 17:22:43,690: INFO: stage_04_model_evaluation: >>>>>> stage Evaluation Stage started <<<<<<]
[2025-04-16 17:22:43,705: INFO: common: yaml file: config\config.yaml loaded successfully]
[2025-04-16 17:22:43,705: INFO: common: yaml file: params.yaml loaded successfully]
[2025-04-16 17:22:43,705: INFO: common: created directory at: artifacts]
[2025-04-16 17:27:39,853: INFO: common: json file saved at: scores.json]
[2025-04-16 17:27:39,853: INFO: stage_04_model_evaluation: >>>>>> stage Evaluation Stage completed <<<<<<

x========x]
[2025-04-16 21:31:48,546: INFO: _internal: [31m[1mWARNING: This is a development server. Do not use it in a production deployment. Use a production WSGI server instead.[0m
 * Running on all addresses (0.0.0.0)
 * Running on http://127.0.0.1:8080
 * Running on http://172.26.47.133:8080]
[2025-04-16 21:31:48,546: INFO: _internal: [33mPress CTRL+C to quit[0m]
[2025-04-16 21:36:14,596: INFO: _internal: [31m[1mWARNING: This is a development server. Do not use it in a production deployment. Use a production WSGI server instead.[0m
 * Running on all addresses (0.0.0.0)
 * Running on http://127.0.0.1:8080
 * Running on http://172.26.47.133:8080]
[2025-04-16 21:36:14,596: INFO: _internal: [33mPress CTRL+C to quit[0m]
[2025-04-16 21:38:04,753: INFO: _internal: 127.0.0.1 - - [16/Apr/2025 21:38:04] "GET / HTTP/1.1" 200 -]
[2025-04-16 21:38:32,988: INFO: _internal: 127.0.0.1 - - [16/Apr/2025 21:38:32] "POST /predict HTTP/1.1" 200 -]
[2025-04-16 21:39:02,145: INFO: _internal: 127.0.0.1 - - [16/Apr/2025 21:39:02] "POST /predict HTTP/1.1" 200 -]
[2025-04-21 09:56:24,444: INFO: _internal: [31m[1mWARNING: This is a development server. Do not use it in a production deployment. Use a production WSGI server instead.[0m
 * Running on all addresses (0.0.0.0)
 * Running on http://127.0.0.1:8080
 * Running on http://172.26.47.183:8080]
[2025-04-21 09:56:24,444: INFO: _internal: [33mPress CTRL+C to quit[0m]
[2025-04-21 09:56:41,464: INFO: _internal: 127.0.0.1 - - [21/Apr/2025 09:56:41] "GET / HTTP/1.1" 200 -]
[2025-04-21 09:56:59,245: INFO: _internal: 127.0.0.1 - - [21/Apr/2025 09:56:59] "POST /predict HTTP/1.1" 200 -]
[2025-04-21 09:57:53,764: INFO: _internal: 127.0.0.1 - - [21/Apr/2025 09:57:53] "POST /predict HTTP/1.1" 200 -]
[2025-04-21 09:58:08,033: INFO: _internal: 127.0.0.1 - - [21/Apr/2025 09:58:08] "POST /predict HTTP/1.1" 200 -]
[2025-04-21 09:58:15,559: INFO: _internal: 127.0.0.1 - - [21/Apr/2025 09:58:15] "POST /predict HTTP/1.1" 200 -]
[2025-04-21 09:59:01,707: INFO: main: >>>>>> stage Data Ingestion Stage started <<<<<<]
[2025-04-21 09:59:01,707: INFO: common: yaml file: config\config.yaml loaded successfully]
[2025-04-21 09:59:01,707: INFO: common: yaml file: params.yaml loaded successfully]
[2025-04-21 09:59:01,707: INFO: common: created directory at: artifacts]
[2025-04-21 09:59:01,723: INFO: common: created directory at: artifacts/data_ingestion]
[2025-04-21 09:59:01,723: INFO: data_ingestion: Downloading data from https://drive.google.com/file/d/16Dx0mwyILj0pcASM5eNdbzvNiuQgtQMP/view?usp=drive_link into file artifacts/data_ingestion/data.zip]
[2025-04-21 10:00:34,604: INFO: data_ingestion: Downloading data from https://drive.google.com/file/d/16Dx0mwyILj0pcASM5eNdbzvNiuQgtQMP/view?usp=drive_link into file artifacts/data_ingestion/data.zip]
[2025-04-21 10:00:48,302: INFO: main: >>>>>> stage Data Ingestion Stage completed <<<<<<

x========x]
[2025-04-21 10:00:48,302: INFO: main: >>>>>> stage Prepare Base Model started <<<<<<]
[2025-04-21 10:00:48,318: INFO: common: yaml file: config\config.yaml loaded successfully]
[2025-04-21 10:00:48,324: INFO: common: yaml file: params.yaml loaded successfully]
[2025-04-21 10:00:48,324: INFO: common: created directory at: artifacts]
[2025-04-21 10:00:48,324: INFO: common: created directory at: artifacts/prepare_base_model]
[2025-04-21 10:00:49,101: WARNING: saving_utils: Compiled the loaded model, but the compiled metrics have yet to be built. `model.compile_metrics` will be empty until you train or evaluate the model.]
[2025-04-21 10:00:49,448: INFO: main: >>>>>> stage Prepare Base Model completed <<<<<<

x========x]
[2025-04-21 10:00:49,448: INFO: main: >>>>>> stage Training started <<<<<<]
[2025-04-21 10:00:49,448: INFO: common: yaml file: config\config.yaml loaded successfully]
[2025-04-21 10:00:49,464: INFO: common: yaml file: params.yaml loaded successfully]
[2025-04-21 10:00:49,464: INFO: common: created directory at: artifacts]
[2025-04-21 10:00:49,464: INFO: common: created directory at: artifacts\training]
[2025-04-21 10:17:14,390: INFO: main: >>>>>> stage Training completed <<<<<<

x========x]
[2025-04-21 10:17:14,390: INFO: main: >>>>>> stage Evaluation Stage started <<<<<<]
[2025-04-21 10:17:14,390: INFO: common: yaml file: config\config.yaml loaded successfully]
[2025-04-21 10:17:14,390: INFO: common: yaml file: params.yaml loaded successfully]
[2025-04-21 10:17:14,390: INFO: common: created directory at: artifacts]
[2025-04-21 10:22:53,025: INFO: common: json file saved at: scores.json]
[2025-04-21 10:22:53,026: INFO: main: >>>>>> stage Evaluation Stage completed <<<<<<

x========x]
[2025-04-21 10:41:03,543: INFO: _internal: [31m[1mWARNING: This is a development server. Do not use it in a production deployment. Use a production WSGI server instead.[0m
 * Running on all addresses (0.0.0.0)
 * Running on http://127.0.0.1:8080
 * Running on http://172.26.47.183:8080]
[2025-04-21 10:41:03,543: INFO: _internal: [33mPress CTRL+C to quit[0m]
[2025-04-21 10:41:12,708: INFO: _internal: 127.0.0.1 - - [21/Apr/2025 10:41:12] "GET / HTTP/1.1" 200 -]
[2025-04-21 10:41:40,570: INFO: _internal: 127.0.0.1 - - [21/Apr/2025 10:41:40] "POST /predict HTTP/1.1" 200 -]
[2025-04-21 10:41:54,174: INFO: _internal: 127.0.0.1 - - [21/Apr/2025 10:41:54] "POST /predict HTTP/1.1" 200 -]
[2025-04-21 10:42:05,580: INFO: _internal: 127.0.0.1 - - [21/Apr/2025 10:42:05] "POST /predict HTTP/1.1" 200 -]
[2025-04-21 10:42:16,170: INFO: _internal: 127.0.0.1 - - [21/Apr/2025 10:42:16] "POST /predict HTTP/1.1" 200 -]
[2025-04-21 10:42:27,926: WARNING: polymorphic_function: 5 out of the last 5 calls to <function Model.make_predict_function.<locals>.predict_function at 0x000001A712F5E820> triggered tf.function retracing. Tracing is expensive and the excessive number of tracings could be due to (1) creating @tf.function repeatedly in a loop, (2) passing tensors with different shapes, (3) passing Python objects instead of tensors. For (1), please define your @tf.function outside of the loop. For (2), @tf.function has reduce_retracing=True option that can avoid unnecessary retracing. For (3), please refer to https://www.tensorflow.org/guide/function#controlling_retracing and https://www.tensorflow.org/api_docs/python/tf/function for  more details.]
[2025-04-21 10:42:27,926: INFO: _internal: 127.0.0.1 - - [21/Apr/2025 10:42:27] "POST /predict HTTP/1.1" 200 -]
[2025-04-21 10:42:41,346: WARNING: polymorphic_function: 6 out of the last 6 calls to <function Model.make_predict_function.<locals>.predict_function at 0x000001A71335B9D0> triggered tf.function retracing. Tracing is expensive and the excessive number of tracings could be due to (1) creating @tf.function repeatedly in a loop, (2) passing tensors with different shapes, (3) passing Python objects instead of tensors. For (1), please define your @tf.function outside of the loop. For (2), @tf.function has reduce_retracing=True option that can avoid unnecessary retracing. For (3), please refer to https://www.tensorflow.org/guide/function#controlling_retracing and https://www.tensorflow.org/api_docs/python/tf/function for  more details.]
[2025-04-21 10:42:41,362: INFO: _internal: 127.0.0.1 - - [21/Apr/2025 10:42:41] "POST /predict HTTP/1.1" 200 -]
[2025-04-21 10:48:26,378: INFO: main: >>>>>> stage Data Ingestion Stage started <<<<<<]
[2025-04-21 10:48:26,378: INFO: common: yaml file: config\config.yaml loaded successfully]
[2025-04-21 10:48:26,378: INFO: common: yaml file: params.yaml loaded successfully]
[2025-04-21 10:48:26,378: INFO: common: created directory at: artifacts]
[2025-04-21 10:48:26,378: INFO: common: created directory at: artifacts/data_ingestion]
[2025-04-21 10:48:26,378: INFO: data_ingestion: Downloading data from https://drive.google.com/file/d/16Dx0mwyILj0pcASM5eNdbzvNiuQgtQMP/view?usp=drive_link into file artifacts/data_ingestion/data.zip]
[2025-04-21 10:49:59,416: INFO: data_ingestion: Downloading data from https://drive.google.com/file/d/16Dx0mwyILj0pcASM5eNdbzvNiuQgtQMP/view?usp=drive_link into file artifacts/data_ingestion/data.zip]
[2025-04-21 10:50:09,425: INFO: main: >>>>>> stage Data Ingestion Stage completed <<<<<<

x========x]
[2025-04-21 10:50:09,426: INFO: main: >>>>>> stage Prepare Base Model started <<<<<<]
[2025-04-21 10:50:09,437: INFO: common: yaml file: config\config.yaml loaded successfully]
[2025-04-21 10:50:09,442: INFO: common: yaml file: params.yaml loaded successfully]
[2025-04-21 10:50:09,444: INFO: common: created directory at: artifacts]
[2025-04-21 10:50:09,446: INFO: common: created directory at: artifacts/prepare_base_model]
[2025-04-21 10:50:10,633: WARNING: saving_utils: Compiled the loaded model, but the compiled metrics have yet to be built. `model.compile_metrics` will be empty until you train or evaluate the model.]
[2025-04-21 10:50:10,907: INFO: main: >>>>>> stage Prepare Base Model completed <<<<<<

x========x]
[2025-04-21 10:50:10,907: INFO: main: >>>>>> stage Training started <<<<<<]
[2025-04-21 10:50:10,910: INFO: common: yaml file: config\config.yaml loaded successfully]
[2025-04-21 10:50:10,912: INFO: common: yaml file: params.yaml loaded successfully]
[2025-04-21 10:50:10,912: INFO: common: created directory at: artifacts]
[2025-04-21 10:50:10,912: INFO: common: created directory at: artifacts\training]
[2025-04-21 13:54:38,470: INFO: common: yaml file: config\config.yaml loaded successfully]
[2025-04-21 13:54:38,476: INFO: common: yaml file: params.yaml loaded successfully]
[2025-04-21 13:54:38,476: INFO: common: created directory at: artifacts]
[2025-04-21 13:54:38,476: INFO: common: created directory at: artifacts\training]
[2025-04-21 14:26:57,581: INFO: main: >>>>>> stage Data Ingestion Stage started <<<<<<]
[2025-04-21 14:26:57,582: INFO: common: yaml file: config\config.yaml loaded successfully]
[2025-04-21 14:26:57,586: INFO: common: yaml file: params.yaml loaded successfully]
[2025-04-21 14:26:57,586: INFO: common: created directory at: artifacts]
[2025-04-21 14:26:57,586: INFO: common: created directory at: artifacts/data_ingestion]
[2025-04-21 14:26:57,586: INFO: data_ingestion: Downloading data from https://drive.google.com/file/d/16Dx0mwyILj0pcASM5eNdbzvNiuQgtQMP/view?usp=drive_link into file artifacts/data_ingestion/data.zip]
[2025-04-21 14:29:25,925: INFO: data_ingestion: Downloading data from https://drive.google.com/file/d/16Dx0mwyILj0pcASM5eNdbzvNiuQgtQMP/view?usp=drive_link into file artifacts/data_ingestion/data.zip]
[2025-04-21 14:29:40,457: INFO: main: >>>>>> stage Data Ingestion Stage completed <<<<<<

x========x]
[2025-04-21 14:29:40,458: INFO: main: >>>>>> stage Prepare Base Model started <<<<<<]
[2025-04-21 14:29:40,461: INFO: common: yaml file: config\config.yaml loaded successfully]
[2025-04-21 14:29:40,463: INFO: common: yaml file: params.yaml loaded successfully]
[2025-04-21 14:29:40,463: INFO: common: created directory at: artifacts]
[2025-04-21 14:29:40,464: INFO: common: created directory at: artifacts/prepare_base_model]
[2025-04-21 14:29:41,529: WARNING: saving_utils: Compiled the loaded model, but the compiled metrics have yet to be built. `model.compile_metrics` will be empty until you train or evaluate the model.]
[2025-04-21 14:29:41,899: INFO: main: >>>>>> stage Prepare Base Model completed <<<<<<

x========x]
[2025-04-21 14:29:41,900: INFO: main: >>>>>> stage Training started <<<<<<]
[2025-04-21 14:29:41,905: INFO: common: yaml file: config\config.yaml loaded successfully]
[2025-04-21 14:29:41,906: INFO: common: yaml file: params.yaml loaded successfully]
[2025-04-21 14:29:41,907: INFO: common: created directory at: artifacts]
[2025-04-21 14:29:41,907: INFO: common: created directory at: artifacts\training]
[2025-04-21 14:29:41,908: ERROR: main: __init__() missing 1 required positional argument: 'params_fine_tune']
Traceback (most recent call last):
  File "D:\kidney_tumor_classification\main.py", line 35, in <module>
    obj.main()
  File "d:\kidney_tumor_classification\src\cnnClassifier\pipeline\stage_03_model_training.py", line 14, in main
    training_config =config.get_training_config()
  File "d:\kidney_tumor_classification\src\cnnClassifier\config\configuration.py", line 61, in get_training_config
    training_config =TrainingConfig(
TypeError: __init__() missing 1 required positional argument: 'params_fine_tune'
[2025-04-21 14:33:16,394: INFO: main: >>>>>> stage Data Ingestion Stage started <<<<<<]
[2025-04-21 14:33:16,394: INFO: common: yaml file: config\config.yaml loaded successfully]
[2025-04-21 14:33:16,394: INFO: common: yaml file: params.yaml loaded successfully]
[2025-04-21 14:33:16,394: INFO: common: created directory at: artifacts]
[2025-04-21 14:33:16,394: INFO: common: created directory at: artifacts/data_ingestion]
[2025-04-21 14:33:16,394: INFO: data_ingestion: Downloading data from https://drive.google.com/file/d/16Dx0mwyILj0pcASM5eNdbzvNiuQgtQMP/view?usp=drive_link into file artifacts/data_ingestion/data.zip]
[2025-04-21 14:35:42,253: INFO: data_ingestion: Downloading data from https://drive.google.com/file/d/16Dx0mwyILj0pcASM5eNdbzvNiuQgtQMP/view?usp=drive_link into file artifacts/data_ingestion/data.zip]
[2025-04-21 14:35:53,127: INFO: main: >>>>>> stage Data Ingestion Stage completed <<<<<<

x========x]
[2025-04-21 14:35:53,127: INFO: main: >>>>>> stage Prepare Base Model started <<<<<<]
[2025-04-21 14:35:53,127: INFO: common: yaml file: config\config.yaml loaded successfully]
[2025-04-21 14:35:53,127: INFO: common: yaml file: params.yaml loaded successfully]
[2025-04-21 14:35:53,133: INFO: common: created directory at: artifacts]
[2025-04-21 14:35:53,133: INFO: common: created directory at: artifacts/prepare_base_model]
[2025-04-21 14:35:53,813: WARNING: saving_utils: Compiled the loaded model, but the compiled metrics have yet to be built. `model.compile_metrics` will be empty until you train or evaluate the model.]
[2025-04-21 14:35:54,153: INFO: main: >>>>>> stage Prepare Base Model completed <<<<<<

x========x]
[2025-04-21 14:35:54,153: INFO: main: >>>>>> stage Training started <<<<<<]
[2025-04-21 14:35:54,153: INFO: common: yaml file: config\config.yaml loaded successfully]
[2025-04-21 14:35:54,163: INFO: common: yaml file: params.yaml loaded successfully]
[2025-04-21 14:35:54,163: INFO: common: created directory at: artifacts]
[2025-04-21 14:35:54,163: INFO: common: created directory at: artifacts\training]
